Archive member included because of file (symbol)

d:/winavr/bin/../lib/gcc/avr/4.1.2/avr4\libgcc.a(_exit.o)
                              d:/winavr/bin/../lib/gcc/avr/4.1.2/../../../../avr/lib/avr4/crtm8535.o (exit)
d:/winavr/bin/../lib/gcc/avr/4.1.2/avr4\libgcc.a(_copy_data.o)
                              main.o (__do_copy_data)
d:/winavr/bin/../lib/gcc/avr/4.1.2/avr4\libgcc.a(_clear_bss.o)
                              main.o (__do_clear_bss)
d:/winavr/bin/../lib/gcc/avr/4.1.2/../../../../avr/lib/avr4\libc.a(iob.o)
                              main.o (__iob)
d:/winavr/bin/../lib/gcc/avr/4.1.2/../../../../avr/lib/avr4\libc.a(printf.o)
                              main.o (printf)
d:/winavr/bin/../lib/gcc/avr/4.1.2/../../../../avr/lib/avr4\libc.a(vfprintf_std.o)
                              d:/winavr/bin/../lib/gcc/avr/4.1.2/../../../../avr/lib/avr4\libc.a(printf.o) (vfprintf)
d:/winavr/bin/../lib/gcc/avr/4.1.2/../../../../avr/lib/avr4\libc.a(strlen_P.o)
                              d:/winavr/bin/../lib/gcc/avr/4.1.2/../../../../avr/lib/avr4\libc.a(vfprintf_std.o) (strlen_P)
d:/winavr/bin/../lib/gcc/avr/4.1.2/../../../../avr/lib/avr4\libc.a(strnlen_P.o)
                              d:/winavr/bin/../lib/gcc/avr/4.1.2/../../../../avr/lib/avr4\libc.a(vfprintf_std.o) (strnlen_P)
d:/winavr/bin/../lib/gcc/avr/4.1.2/../../../../avr/lib/avr4\libc.a(strnlen.o)
                              d:/winavr/bin/../lib/gcc/avr/4.1.2/../../../../avr/lib/avr4\libc.a(vfprintf_std.o) (strnlen)
d:/winavr/bin/../lib/gcc/avr/4.1.2/../../../../avr/lib/avr4\libc.a(fputc.o)
                              d:/winavr/bin/../lib/gcc/avr/4.1.2/../../../../avr/lib/avr4\libc.a(vfprintf_std.o) (fputc)
d:/winavr/bin/../lib/gcc/avr/4.1.2/avr4\libgcc.a(_udivmodsi4.o)
                              d:/winavr/bin/../lib/gcc/avr/4.1.2/../../../../avr/lib/avr4\libc.a(vfprintf_std.o) (__udivmodsi4)
d:/winavr/bin/../lib/gcc/avr/4.1.2/avr4\libgcc.a(_prologue.o)
                              d:/winavr/bin/../lib/gcc/avr/4.1.2/../../../../avr/lib/avr4\libc.a(printf.o) (__prologue_saves__)
d:/winavr/bin/../lib/gcc/avr/4.1.2/avr4\libgcc.a(_epilogue.o)
                              d:/winavr/bin/../lib/gcc/avr/4.1.2/../../../../avr/lib/avr4\libc.a(printf.o) (__epilogue_restores__)

Allocating common symbols
Common symbol       size              file

__iob               0x6               d:/winavr/bin/../lib/gcc/avr/4.1.2/../../../../avr/lib/avr4\libc.a(iob.o)

Discarded input sections

 .stabstr       0x00000000        0x0 d:/winavr/bin/../lib/gcc/avr/4.1.2/../../../../avr/lib/avr4/crtm8535.o

Memory Configuration

Name             Origin             Length             Attributes
text             0x00000000         0x00002000         xr
data             0x00800060         0x0000ffa0         rw !x
eeprom           0x00810000         0x00010000         rw !x
*default*        0x00000000         0xffffffff

Linker script and memory map

LOAD d:/winavr/bin/../lib/gcc/avr/4.1.2/../../../../avr/lib/avr4/crtm8535.o
LOAD main.o
LOAD d:/winavr/bin/../lib/gcc/avr/4.1.2/../../../../avr/lib/avr4\libm.a
LOAD d:/winavr/bin/../lib/gcc/avr/4.1.2/avr4\libgcc.a
LOAD d:/winavr/bin/../lib/gcc/avr/4.1.2/../../../../avr/lib/avr4\libc.a
LOAD d:/winavr/bin/../lib/gcc/avr/4.1.2/avr4\libgcc.a

.hash
 *(.hash)

.dynsym
 *(.dynsym)

.dynstr
 *(.dynstr)

.gnu.version
 *(.gnu.version)

.gnu.version_d
 *(.gnu.version_d)

.gnu.version_r
 *(.gnu.version_r)

.rel.init
 *(.rel.init)

.rela.init
 *(.rela.init)

.rel.text
 *(.rel.text)
 *(.rel.text.*)
 *(.rel.gnu.linkonce.t*)

.rela.text
 *(.rela.text)
 *(.rela.text.*)
 *(.rela.gnu.linkonce.t*)

.rel.fini
 *(.rel.fini)

.rela.fini
 *(.rela.fini)

.rel.rodata
 *(.rel.rodata)
 *(.rel.rodata.*)
 *(.rel.gnu.linkonce.r*)

.rela.rodata
 *(.rela.rodata)
 *(.rela.rodata.*)
 *(.rela.gnu.linkonce.r*)

.rel.data
 *(.rel.data)
 *(.rel.data.*)
 *(.rel.gnu.linkonce.d*)

.rela.data
 *(.rela.data)
 *(.rela.data.*)
 *(.rela.gnu.linkonce.d*)

.rel.ctors
 *(.rel.ctors)

.rela.ctors
 *(.rela.ctors)

.rel.dtors
 *(.rel.dtors)

.rela.dtors
 *(.rela.dtors)

.rel.got
 *(.rel.got)

.rela.got
 *(.rela.got)

.rel.bss
 *(.rel.bss)

.rela.bss
 *(.rela.bss)

.rel.plt
 *(.rel.plt)

.rela.plt
 *(.rela.plt)

.text           0x00000000      0x7c6
 *(.vectors)
 .vectors       0x00000000       0x2a d:/winavr/bin/../lib/gcc/avr/4.1.2/../../../../avr/lib/avr4/crtm8535.o
                0x00000000                __vectors
                0x00000000                __vector_default
 *(.vectors)
 *(.progmem.gcc*)
 *(.progmem*)
                0x0000002a                . = ALIGN (0x2)
                0x0000002a                __trampolines_start = .
 *(.trampolines)
 .trampolines   0x0000002a        0x0 linker stubs
 *(.trampolines*)
                0x0000002a                __trampolines_end = .
 *(.jumptables)
 *(.jumptables*)
 *(.lowtext)
 *(.lowtext*)
                0x0000002a                __ctors_start = .
 *(.ctors)
                0x0000002a                __ctors_end = .
                0x0000002a                __dtors_start = .
 *(.dtors)
                0x0000002a                __dtors_end = .
 SORT(*)(.ctors)
 SORT(*)(.dtors)
 *(.init0)
 .init0         0x0000002a        0x0 d:/winavr/bin/../lib/gcc/avr/4.1.2/../../../../avr/lib/avr4/crtm8535.o
                0x0000002a                __init
 *(.init0)
 *(.init1)
 *(.init1)
 *(.init2)
 .init2         0x0000002a        0xc d:/winavr/bin/../lib/gcc/avr/4.1.2/../../../../avr/lib/avr4/crtm8535.o
 *(.init2)
 *(.init3)
 *(.init3)
 *(.init4)
 .init4         0x00000036       0x16 d:/winavr/bin/../lib/gcc/avr/4.1.2/avr4\libgcc.a(_copy_data.o)
                0x00000036                __do_copy_data
 .init4         0x0000004c       0x10 d:/winavr/bin/../lib/gcc/avr/4.1.2/avr4\libgcc.a(_clear_bss.o)
                0x0000004c                __do_clear_bss
 *(.init4)
 *(.init5)
 *(.init5)
 *(.init6)
 *(.init6)
 *(.init7)
 *(.init7)
 *(.init8)
 *(.init8)
 *(.init9)
 .init9         0x0000005c        0x4 d:/winavr/bin/../lib/gcc/avr/4.1.2/../../../../avr/lib/avr4/crtm8535.o
 *(.init9)
 *(.text)
 .text          0x00000060        0x2 d:/winavr/bin/../lib/gcc/avr/4.1.2/../../../../avr/lib/avr4/crtm8535.o
                0x00000060                __vector_1
                0x00000060                __vector_12
                0x00000060                __bad_interrupt
                0x00000060                __vector_6
                0x00000060                __vector_3
                0x00000060                __vector_11
                0x00000060                __vector_13
                0x00000060                __vector_17
                0x00000060                __vector_19
                0x00000060                __vector_7
                0x00000060                __vector_5
                0x00000060                __vector_4
                0x00000060                __vector_9
                0x00000060                __vector_2
                0x00000060                __vector_15
                0x00000060                __vector_8
                0x00000060                __vector_10
                0x00000060                __vector_16
                0x00000060                __vector_18
                0x00000060                __vector_20
 .text          0x00000062       0xd6 main.o
                0x00000072                Uart_PutChar
                0x00000062                USART_Init
                0x0000008c                adcinit
                0x00000096                adcstartconv
                0x00000116                main
                0x000000a0                __vector_14
 .text          0x00000138        0x0 d:/winavr/bin/../lib/gcc/avr/4.1.2/avr4\libgcc.a(_exit.o)
 .text          0x00000138        0x0 d:/winavr/bin/../lib/gcc/avr/4.1.2/avr4\libgcc.a(_copy_data.o)
 .text          0x00000138        0x0 d:/winavr/bin/../lib/gcc/avr/4.1.2/avr4\libgcc.a(_clear_bss.o)
 .text          0x00000138        0x0 d:/winavr/bin/../lib/gcc/avr/4.1.2/../../../../avr/lib/avr4\libc.a(iob.o)
 .text          0x00000138       0x28 d:/winavr/bin/../lib/gcc/avr/4.1.2/../../../../avr/lib/avr4\libc.a(printf.o)
                0x00000138                printf
 .text          0x00000160      0x51a d:/winavr/bin/../lib/gcc/avr/4.1.2/../../../../avr/lib/avr4\libc.a(vfprintf_std.o)
                0x00000160                vfprintf
 .text          0x0000067a       0x12 d:/winavr/bin/../lib/gcc/avr/4.1.2/../../../../avr/lib/avr4\libc.a(strlen_P.o)
                0x0000067a                strlen_P
 .text          0x0000068c       0x16 d:/winavr/bin/../lib/gcc/avr/4.1.2/../../../../avr/lib/avr4\libc.a(strnlen_P.o)
                0x0000068c                strnlen_P
 .text          0x000006a2       0x16 d:/winavr/bin/../lib/gcc/avr/4.1.2/../../../../avr/lib/avr4\libc.a(strnlen.o)
                0x000006a2                strnlen
 .text          0x000006b8       0x5a d:/winavr/bin/../lib/gcc/avr/4.1.2/../../../../avr/lib/avr4\libc.a(fputc.o)
                0x000006b8                fputc
 .text          0x00000712        0x0 d:/winavr/bin/../lib/gcc/avr/4.1.2/avr4\libgcc.a(_udivmodsi4.o)
 .text          0x00000712        0x0 d:/winavr/bin/../lib/gcc/avr/4.1.2/avr4\libgcc.a(_prologue.o)
 .text          0x00000712        0x0 d:/winavr/bin/../lib/gcc/avr/4.1.2/avr4\libgcc.a(_epilogue.o)
                0x00000712                . = ALIGN (0x2)
 *(.text.*)
 .text.libgcc   0x00000712        0x0 d:/winavr/bin/../lib/gcc/avr/4.1.2/avr4\libgcc.a(_exit.o)
 .text.libgcc   0x00000712        0x0 d:/winavr/bin/../lib/gcc/avr/4.1.2/avr4\libgcc.a(_copy_data.o)
 .text.libgcc   0x00000712        0x0 d:/winavr/bin/../lib/gcc/avr/4.1.2/avr4\libgcc.a(_clear_bss.o)
 .text.libgcc   0x00000712       0x44 d:/winavr/bin/../lib/gcc/avr/4.1.2/avr4\libgcc.a(_udivmodsi4.o)
                0x00000712                __udivmodsi4
 .text.libgcc   0x00000756       0x38 d:/winavr/bin/../lib/gcc/avr/4.1.2/avr4\libgcc.a(_prologue.o)
                0x00000756                __prologue_saves__
 .text.libgcc   0x0000078e       0x36 d:/winavr/bin/../lib/gcc/avr/4.1.2/avr4\libgcc.a(_epilogue.o)
                0x0000078e                __epilogue_restores__
                0x000007c4                . = ALIGN (0x2)
 *(.fini9)
 .fini9         0x000007c4        0x0 d:/winavr/bin/../lib/gcc/avr/4.1.2/avr4\libgcc.a(_exit.o)
                0x000007c4                exit
                0x000007c4                _exit
 *(.fini9)
 *(.fini8)
 *(.fini8)
 *(.fini7)
 *(.fini7)
 *(.fini6)
 *(.fini6)
 *(.fini5)
 *(.fini5)
 *(.fini4)
 *(.fini4)
 *(.fini3)
 *(.fini3)
 *(.fini2)
 *(.fini2)
 *(.fini1)
 *(.fini1)
 *(.fini0)
 .fini0         0x000007c4        0x2 d:/winavr/bin/../lib/gcc/avr/4.1.2/avr4\libgcc.a(_exit.o)
 *(.fini0)
                0x000007c6                _etext = .

.data           0x00800060       0x12 load address 0x000007c6
                0x00800060                PROVIDE (__data_start, .)
 *(.data)
 .data          0x00800060        0x0 d:/winavr/bin/../lib/gcc/avr/4.1.2/../../../../avr/lib/avr4/crtm8535.o
 .data          0x00800060       0x12 main.o
                0x00800064                uart_str
 .data          0x00800072        0x0 d:/winavr/bin/../lib/gcc/avr/4.1.2/avr4\libgcc.a(_exit.o)
 .data          0x00800072        0x0 d:/winavr/bin/../lib/gcc/avr/4.1.2/avr4\libgcc.a(_copy_data.o)
 .data          0x00800072        0x0 d:/winavr/bin/../lib/gcc/avr/4.1.2/avr4\libgcc.a(_clear_bss.o)
 .data          0x00800072        0x0 d:/winavr/bin/../lib/gcc/avr/4.1.2/../../../../avr/lib/avr4\libc.a(iob.o)
 .data          0x00800072        0x0 d:/winavr/bin/../lib/gcc/avr/4.1.2/../../../../avr/lib/avr4\libc.a(printf.o)
 .data          0x00800072        0x0 d:/winavr/bin/../lib/gcc/avr/4.1.2/../../../../avr/lib/avr4\libc.a(vfprintf_std.o)
 .data          0x00800072        0x0 d:/winavr/bin/../lib/gcc/avr/4.1.2/../../../../avr/lib/avr4\libc.a(strlen_P.o)
 .data          0x00800072        0x0 d:/winavr/bin/../lib/gcc/avr/4.1.2/../../../../avr/lib/avr4\libc.a(strnlen_P.o)
 .data          0x00800072        0x0 d:/winavr/bin/../lib/gcc/avr/4.1.2/../../../../avr/lib/avr4\libc.a(strnlen.o)
 .data          0x00800072        0x0 d:/winavr/bin/../lib/gcc/avr/4.1.2/../../../../avr/lib/avr4\libc.a(fputc.o)
 .data          0x00800072        0x0 d:/winavr/bin/../lib/gcc/avr/4.1.2/avr4\libgcc.a(_udivmodsi4.o)
 .data          0x00800072        0x0 d:/winavr/bin/../lib/gcc/avr/4.1.2/avr4\libgcc.a(_prologue.o)
 .data          0x00800072        0x0 d:/winavr/bin/../lib/gcc/avr/4.1.2/avr4\libgcc.a(_epilogue.o)
 *(.data*)
 *(.rodata)
 *(.rodata*)
 *(.gnu.linkonce.d*)
                0x00800072                . = ALIGN (0x2)
                0x00800072                _edata = .
                0x00800072                PROVIDE (__data_end, .)

.bss            0x00800072        0x6
                0x00800072                PROVIDE (__bss_start, .)
 *(.bss)
 .bss           0x00800072        0x0 d:/winavr/bin/../lib/gcc/avr/4.1.2/../../../../avr/lib/avr4/crtm8535.o
 .bss           0x00800072        0x0 main.o
 .bss           0x00800072        0x0 d:/winavr/bin/../lib/gcc/avr/4.1.2/avr4\libgcc.a(_exit.o)
 .bss           0x00800072        0x0 d:/winavr/bin/../lib/gcc/avr/4.1.2/avr4\libgcc.a(_copy_data.o)
 .bss           0x00800072        0x0 d:/winavr/bin/../lib/gcc/avr/4.1.2/avr4\libgcc.a(_clear_bss.o)
 .bss           0x00800072        0x0 d:/winavr/bin/../lib/gcc/avr/4.1.2/../../../../avr/lib/avr4\libc.a(iob.o)
 .bss           0x00800072        0x0 d:/winavr/bin/../lib/gcc/avr/4.1.2/../../../../avr/lib/avr4\libc.a(printf.o)
 .bss           0x00800072        0x0 d:/winavr/bin/../lib/gcc/avr/4.1.2/../../../../avr/lib/avr4\libc.a(vfprintf_std.o)
 .bss           0x00800072        0x0 d:/winavr/bin/../lib/gcc/avr/4.1.2/../../../../avr/lib/avr4\libc.a(strlen_P.o)
 .bss           0x00800072        0x0 d:/winavr/bin/../lib/gcc/avr/4.1.2/../../../../avr/lib/avr4\libc.a(strnlen_P.o)
 .bss           0x00800072        0x0 d:/winavr/bin/../lib/gcc/avr/4.1.2/../../../../avr/lib/avr4\libc.a(strnlen.o)
 .bss           0x00800072        0x0 d:/winavr/bin/../lib/gcc/avr/4.1.2/../../../../avr/lib/avr4\libc.a(fputc.o)
 .bss           0x00800072        0x0 d:/winavr/bin/../lib/gcc/avr/4.1.2/avr4\libgcc.a(_udivmodsi4.o)
 .bss           0x00800072        0x0 d:/winavr/bin/../lib/gcc/avr/4.1.2/avr4\libgcc.a(_prologue.o)
 .bss           0x00800072        0x0 d:/winavr/bin/../lib/gcc/avr/4.1.2/avr4\libgcc.a(_epilogue.o)
 *(.bss*)
 *(COMMON)
 COMMON         0x00800072        0x6 d:/winavr/bin/../lib/gcc/avr/4.1.2/../../../../avr/lib/avr4\libc.a(iob.o)
                0x00800072                __iob
                0x00800078                PROVIDE (__bss_end, .)
                0x000007c6                __data_load_start = LOADADDR (.data)
                0x000007d8                __data_load_end = (__data_load_start + SIZEOF (.data))

.noinit         0x00800078        0x0
                0x00800078                PROVIDE (__noinit_start, .)
 *(.noinit*)
                0x00800078                PROVIDE (__noinit_end, .)
                0x00800078                _end = .
                0x00800078                PROVIDE (__heap_start, .)

.eeprom         0x00810000        0x0
 *(.eeprom*)
                0x00810000                __eeprom_end = .

.stab           0x00000000      0x378
 *(.stab)
 .stab          0x00000000      0x378 d:/winavr/bin/../lib/gcc/avr/4.1.2/../../../../avr/lib/avr4/crtm8535.o

.stabstr        0x00000000       0x71
 *(.stabstr)
 .stabstr       0x00000000       0x71 d:/winavr/bin/../lib/gcc/avr/4.1.2/../../../../avr/lib/avr4/crtm8535.o

.stab.excl
 *(.stab.excl)

.stab.exclstr
 *(.stab.exclstr)

.stab.index
 *(.stab.index)

.stab.indexstr
 *(.stab.indexstr)

.comment
 *(.comment)

.debug
 *(.debug)

.line
 *(.line)

.debug_srcinfo
 *(.debug_srcinfo)

.debug_sfnames
 *(.debug_sfnames)

.debug_aranges  0x00000000       0x20
 *(.debug_aranges)
 .debug_aranges
                0x00000000       0x20 main.o

.debug_pubnames
                0x00000000       0x75
 *(.debug_pubnames)
 .debug_pubnames
                0x00000000       0x75 main.o

.debug_info     0x00000000      0x35a
 *(.debug_info)
 .debug_info    0x00000000      0x35a main.o
 *(.gnu.linkonce.wi.*)

.debug_abbrev   0x00000000      0x1dd
 *(.debug_abbrev)
 .debug_abbrev  0x00000000      0x1dd main.o

.debug_line     0x00000000      0x204
 *(.debug_line)
 .debug_line    0x00000000      0x204 main.o

.debug_frame    0x00000000       0x70
 *(.debug_frame)
 .debug_frame   0x00000000       0x70 main.o

.debug_str      0x00000000      0x161
 *(.debug_str)
 .debug_str     0x00000000      0x161 main.o
                                0x1b9 (size before relaxing)

.debug_loc      0x00000000       0x5e
 *(.debug_loc)
 .debug_loc     0x00000000       0x5e main.o

.debug_macinfo
 *(.debug_macinfo)
OUTPUT(main.elf elf32-avr)
LOAD linker stubs

Cross Reference Table

Symbol                                            File
USART_Init                                        main.o
Uart_PutChar                                      main.o
__bad_interrupt                                   d:/winavr/bin/../lib/gcc/avr/4.1.2/../../../../avr/lib/avr4/crtm8535.o
__bss_end                                         d:/winavr/bin/../lib/gcc/avr/4.1.2/avr4\libgcc.a(_clear_bss.o)
__bss_start                                       d:/winavr/bin/../lib/gcc/avr/4.1.2/avr4\libgcc.a(_clear_bss.o)
__data_end                                        d:/winavr/bin/../lib/gcc/avr/4.1.2/avr4\libgcc.a(_copy_data.o)
__data_load_start                                 d:/winavr/bin/../lib/gcc/avr/4.1.2/avr4\libgcc.a(_copy_data.o)
__data_start                                      d:/winavr/bin/../lib/gcc/avr/4.1.2/avr4\libgcc.a(_copy_data.o)
__do_clear_bss                                    d:/winavr/bin/../lib/gcc/avr/4.1.2/avr4\libgcc.a(_clear_bss.o)
                                                  d:/winavr/bin/../lib/gcc/avr/4.1.2/../../../../avr/lib/avr4\libc.a(fputc.o)
                                                  d:/winavr/bin/../lib/gcc/avr/4.1.2/../../../../avr/lib/avr4\libc.a(vfprintf_std.o)
                                                  d:/winavr/bin/../lib/gcc/avr/4.1.2/../../../../avr/lib/avr4\libc.a(printf.o)
                                                  d:/winavr/bin/../lib/gcc/avr/4.1.2/../../../../avr/lib/avr4\libc.a(iob.o)
                                                  main.o
__do_copy_data                                    d:/winavr/bin/../lib/gcc/avr/4.1.2/avr4\libgcc.a(_copy_data.o)
                                                  d:/winavr/bin/../lib/gcc/avr/4.1.2/../../../../avr/lib/avr4\libc.a(fputc.o)
                                                  d:/winavr/bin/../lib/gcc/avr/4.1.2/../../../../avr/lib/avr4\libc.a(vfprintf_std.o)
                                                  d:/winavr/bin/../lib/gcc/avr/4.1.2/../../../../avr/lib/avr4\libc.a(printf.o)
                                                  d:/winavr/bin/../lib/gcc/avr/4.1.2/../../../../avr/lib/avr4\libc.a(iob.o)
                                                  main.o
__epilogue_restores__                             d:/winavr/bin/../lib/gcc/avr/4.1.2/avr4\libgcc.a(_epilogue.o)
                                                  d:/winavr/bin/../lib/gcc/avr/4.1.2/../../../../avr/lib/avr4\libc.a(vfprintf_std.o)
                                                  d:/winavr/bin/../lib/gcc/avr/4.1.2/../../../../avr/lib/avr4\libc.a(printf.o)
__heap_end                                        d:/winavr/bin/../lib/gcc/avr/4.1.2/../../../../avr/lib/avr4/crtm8535.o
__init                                            d:/winavr/bin/../lib/gcc/avr/4.1.2/../../../../avr/lib/avr4/crtm8535.o
__iob                                             d:/winavr/bin/../lib/gcc/avr/4.1.2/../../../../avr/lib/avr4\libc.a(printf.o)
                                                  d:/winavr/bin/../lib/gcc/avr/4.1.2/../../../../avr/lib/avr4\libc.a(iob.o)
                                                  main.o
__prologue_saves__                                d:/winavr/bin/../lib/gcc/avr/4.1.2/avr4\libgcc.a(_prologue.o)
                                                  d:/winavr/bin/../lib/gcc/avr/4.1.2/../../../../avr/lib/avr4\libc.a(vfprintf_std.o)
                                                  d:/winavr/bin/../lib/gcc/avr/4.1.2/../../../../avr/lib/avr4\libc.a(printf.o)
__stack                                           d:/winavr/bin/../lib/gcc/avr/4.1.2/../../../../avr/lib/avr4/crtm8535.o
__udivmodsi4                                      d:/winavr/bin/../lib/gcc/avr/4.1.2/avr4\libgcc.a(_udivmodsi4.o)
                                                  d:/winavr/bin/../lib/gcc/avr/4.1.2/../../../../avr/lib/avr4\libc.a(vfprintf_std.o)
__vector_1                                        d:/winavr/bin/../lib/gcc/avr/4.1.2/../../../../avr/lib/avr4/crtm8535.o
__vector_10                                       d:/winavr/bin/../lib/gcc/avr/4.1.2/../../../../avr/lib/avr4/crtm8535.o
__vector_11                                       d:/winavr/bin/../lib/gcc/avr/4.1.2/../../../../avr/lib/avr4/crtm8535.o
__vector_12                                       d:/winavr/bin/../lib/gcc/avr/4.1.2/../../../../avr/lib/avr4/crtm8535.o
__vector_13                                       d:/winavr/bin/../lib/gcc/avr/4.1.2/../../../../avr/lib/avr4/crtm8535.o
__vector_14                                       main.o
                                                  d:/winavr/bin/../lib/gcc/avr/4.1.2/../../../../avr/lib/avr4/crtm8535.o
__vector_15                                       d:/winavr/bin/../lib/gcc/avr/4.1.2/../../../../avr/lib/avr4/crtm8535.o
__vector_16                                       d:/winavr/bin/../lib/gcc/avr/4.1.2/../../../../avr/lib/avr4/crtm8535.o
__vector_17                                       d:/winavr/bin/../lib/gcc/avr/4.1.2/../../../../avr/lib/avr4/crtm8535.o
__vector_18                                       d:/winavr/bin/../lib/gcc/avr/4.1.2/../../../../avr/lib/avr4/crtm8535.o
__vector_19                                       d:/winavr/bin/../lib/gcc/avr/4.1.2/../../../../avr/lib/avr4/crtm8535.o
__vector_2                                        d:/winavr/bin/../lib/gcc/avr/4.1.2/../../../../avr/lib/avr4/crtm8535.o
__vector_20                                       d:/winavr/bin/../lib/gcc/avr/4.1.2/../../../../avr/lib/avr4/crtm8535.o
__vector_3                                        d:/winavr/bin/../lib/gcc/avr/4.1.2/../../../../avr/lib/avr4/crtm8535.o
__vector_4                                        d:/winavr/bin/../lib/gcc/avr/4.1.2/../../../../avr/lib/avr4/crtm8535.o
__vector_5                                        d:/winavr/bin/../lib/gcc/avr/4.1.2/../../../../avr/lib/avr4/crtm8535.o
__vector_6                                        d:/winavr/bin/../lib/gcc/avr/4.1.2/../../../../avr/lib/avr4/crtm8535.o
__vector_7                                        d:/winavr/bin/../lib/gcc/avr/4.1.2/../../../../avr/lib/avr4/crtm8535.o
__vector_8                                        d:/winavr/bin/../lib/gcc/avr/4.1.2/../../../../avr/lib/avr4/crtm8535.o
__vector_9                                        d:/winavr/bin/../lib/gcc/avr/4.1.2/../../../../avr/lib/avr4/crtm8535.o
__vector_default                                  d:/winavr/bin/../lib/gcc/avr/4.1.2/../../../../avr/lib/avr4/crtm8535.o
__vectors                                         d:/winavr/bin/../lib/gcc/avr/4.1.2/../../../../avr/lib/avr4/crtm8535.o
_exit                                             d:/winavr/bin/../lib/gcc/avr/4.1.2/avr4\libgcc.a(_exit.o)
adcinit                                           main.o
adcstartconv                                      main.o
exit                                              d:/winavr/bin/../lib/gcc/avr/4.1.2/avr4\libgcc.a(_exit.o)
                                                  d:/winavr/bin/../lib/gcc/avr/4.1.2/../../../../avr/lib/avr4/crtm8535.o
fputc                                             d:/winavr/bin/../lib/gcc/avr/4.1.2/../../../../avr/lib/avr4\libc.a(fputc.o)
                                                  d:/winavr/bin/../lib/gcc/avr/4.1.2/../../../../avr/lib/avr4\libc.a(vfprintf_std.o)
main                                              main.o
                                                  d:/winavr/bin/../lib/gcc/avr/4.1.2/../../../../avr/lib/avr4/crtm8535.o
printf                                            d:/winavr/bin/../lib/gcc/avr/4.1.2/../../../../avr/lib/avr4\libc.a(printf.o)
                                                  main.o
strlen_P                                          d:/winavr/bin/../lib/gcc/avr/4.1.2/../../../../avr/lib/avr4\libc.a(strlen_P.o)
                                                  d:/winavr/bin/../lib/gcc/avr/4.1.2/../../../../avr/lib/avr4\libc.a(vfprintf_std.o)
strnlen                                           d:/winavr/bin/../lib/gcc/avr/4.1.2/../../../../avr/lib/avr4\libc.a(strnlen.o)
                                                  d:/winavr/bin/../lib/gcc/avr/4.1.2/../../../../avr/lib/avr4\libc.a(vfprintf_std.o)
strnlen_P                                         d:/winavr/bin/../lib/gcc/avr/4.1.2/../../../../avr/lib/avr4\libc.a(strnlen_P.o)
                                                  d:/winavr/bin/../lib/gcc/avr/4.1.2/../../../../avr/lib/avr4\libc.a(vfprintf_std.o)
uart_str                                          main.o
vfprintf                                          d:/winavr/bin/../lib/gcc/avr/4.1.2/../../../../avr/lib/avr4\libc.a(vfprintf_std.o)
                                                  d:/winavr/bin/../lib/gcc/avr/4.1.2/../../../../avr/lib/avr4\libc.a(printf.o)
